%Warning-TIMESCALEMOD: tp1_pkg.sv:9:9: Timescale missing on this module as other modules have it (IEEE 1800-2023 3.14.2.3)
    9 | package tp1_pkg;
      |         ^~~~~~~
                       reg_file_tb.sv:2:8: ... Location of module with timescale
    2 | module reg_file_tb;
      |        ^~~~~~~~~~~
                       ... For warning description see https://verilator.org/warn/TIMESCALEMOD?v=5.043
                       ... Use "/* verilator lint_off TIMESCALEMOD */" and lint_on around source to disable this message.
%Warning-TIMESCALEMOD: reg_file.sv:13:8: Timescale missing on this module as other modules have it (IEEE 1800-2023 3.14.2.3)
   13 | module reg_file #(
      |        ^~~~~~~~
                       reg_file_tb.sv:2:8: ... Location of module with timescale
    2 | module reg_file_tb;
      |        ^~~~~~~~~~~
%Warning-PROCASSINIT: reg_file_tb.sv:3:17: Procedural assignment to declaration with initial value: 'clk'
                                         : ... note: In instance 'reg_file_tb'
                                         : ... Location of variable initialization
    3 |     logic clk = 0;
      |                 ^
                      reg_file_tb.sv:4:15: ... Location of variable process write
                                         : ... Perhaps should initialize instead using a reset in this process
    4 |     always #5 clk = ~clk;
      |               ^~~
                      ... For warning description see https://verilator.org/warn/PROCASSINIT?v=5.043
                      ... Use "/* verilator lint_off PROCASSINIT */" and lint_on around source to disable this message.
make[1]: se entra en el directorio '/tmp/tp1-sim.xUYT7V/obj_dir'
g++ -Os  -I.  -MMD -I/opt/oss-cad-suite/share/verilator/include -I/opt/oss-cad-suite/share/verilator/include/vltstd -DVERILATOR=1 -DVM_COVERAGE=0 -DVM_SC=0 -DVM_TIMING=1 -DVM_TRACE=1 -DVM_TRACE_FST=0 -DVM_TRACE_VCD=1 -DVM_TRACE_SAIF=0 -faligned-new -fcf-protection=none -Wno-bool-operation -Wno-int-in-bool-context -Wno-shadow -Wno-sign-compare -Wno-subobject-linkage -Wno-tautological-compare -Wno-uninitialized -Wno-unused-but-set-parameter -Wno-unused-but-set-variable -Wno-unused-parameter -Wno-unused-variable    -DVL_TIME_CONTEXT   -fcoroutines -c -o verilated.o /opt/oss-cad-suite/share/verilator/include/verilated.cpp
g++ -Os  -I.  -MMD -I/opt/oss-cad-suite/share/verilator/include -I/opt/oss-cad-suite/share/verilator/include/vltstd -DVERILATOR=1 -DVM_COVERAGE=0 -DVM_SC=0 -DVM_TIMING=1 -DVM_TRACE=1 -DVM_TRACE_FST=0 -DVM_TRACE_VCD=1 -DVM_TRACE_SAIF=0 -faligned-new -fcf-protection=none -Wno-bool-operation -Wno-int-in-bool-context -Wno-shadow -Wno-sign-compare -Wno-subobject-linkage -Wno-tautological-compare -Wno-uninitialized -Wno-unused-but-set-parameter -Wno-unused-but-set-variable -Wno-unused-parameter -Wno-unused-variable    -DVL_TIME_CONTEXT   -fcoroutines -c -o verilated_vcd_c.o /opt/oss-cad-suite/share/verilator/include/verilated_vcd_c.cpp
g++ -Os  -I.  -MMD -I/opt/oss-cad-suite/share/verilator/include -I/opt/oss-cad-suite/share/verilator/include/vltstd -DVERILATOR=1 -DVM_COVERAGE=0 -DVM_SC=0 -DVM_TIMING=1 -DVM_TRACE=1 -DVM_TRACE_FST=0 -DVM_TRACE_VCD=1 -DVM_TRACE_SAIF=0 -faligned-new -fcf-protection=none -Wno-bool-operation -Wno-int-in-bool-context -Wno-shadow -Wno-sign-compare -Wno-subobject-linkage -Wno-tautological-compare -Wno-uninitialized -Wno-unused-but-set-parameter -Wno-unused-but-set-variable -Wno-unused-parameter -Wno-unused-variable    -DVL_TIME_CONTEXT   -fcoroutines -c -o verilated_timing.o /opt/oss-cad-suite/share/verilator/include/verilated_timing.cpp
g++ -Os  -I.  -MMD -I/opt/oss-cad-suite/share/verilator/include -I/opt/oss-cad-suite/share/verilator/include/vltstd -DVERILATOR=1 -DVM_COVERAGE=0 -DVM_SC=0 -DVM_TIMING=1 -DVM_TRACE=1 -DVM_TRACE_FST=0 -DVM_TRACE_VCD=1 -DVM_TRACE_SAIF=0 -faligned-new -fcf-protection=none -Wno-bool-operation -Wno-int-in-bool-context -Wno-shadow -Wno-sign-compare -Wno-subobject-linkage -Wno-tautological-compare -Wno-uninitialized -Wno-unused-but-set-parameter -Wno-unused-but-set-variable -Wno-unused-parameter -Wno-unused-variable    -DVL_TIME_CONTEXT   -fcoroutines -c -o verilated_threads.o /opt/oss-cad-suite/share/verilator/include/verilated_threads.cpp
g++ -Os  -I.  -MMD -I/opt/oss-cad-suite/share/verilator/include -I/opt/oss-cad-suite/share/verilator/include/vltstd -DVERILATOR=1 -DVM_COVERAGE=0 -DVM_SC=0 -DVM_TIMING=1 -DVM_TRACE=1 -DVM_TRACE_FST=0 -DVM_TRACE_VCD=1 -DVM_TRACE_SAIF=0 -faligned-new -fcf-protection=none -Wno-bool-operation -Wno-int-in-bool-context -Wno-shadow -Wno-sign-compare -Wno-subobject-linkage -Wno-tautological-compare -Wno-uninitialized -Wno-unused-but-set-parameter -Wno-unused-but-set-variable -Wno-unused-parameter -Wno-unused-variable    -DVL_TIME_CONTEXT   -fcoroutines -x c++-header Vreg_file_tb__pch.h -o Vreg_file_tb__pch.h.fast.gch
g++   -I.  -MMD -I/opt/oss-cad-suite/share/verilator/include -I/opt/oss-cad-suite/share/verilator/include/vltstd -DVERILATOR=1 -DVM_COVERAGE=0 -DVM_SC=0 -DVM_TIMING=1 -DVM_TRACE=1 -DVM_TRACE_FST=0 -DVM_TRACE_VCD=1 -DVM_TRACE_SAIF=0 -faligned-new -fcf-protection=none -Wno-bool-operation -Wno-int-in-bool-context -Wno-shadow -Wno-sign-compare -Wno-subobject-linkage -Wno-tautological-compare -Wno-uninitialized -Wno-unused-but-set-parameter -Wno-unused-but-set-variable -Wno-unused-parameter -Wno-unused-variable    -DVL_TIME_CONTEXT   -fcoroutines -x c++-header Vreg_file_tb__pch.h -o Vreg_file_tb__pch.h.slow.gch
g++ -Os  -I.  -MMD -I/opt/oss-cad-suite/share/verilator/include -I/opt/oss-cad-suite/share/verilator/include/vltstd -DVERILATOR=1 -DVM_COVERAGE=0 -DVM_SC=0 -DVM_TIMING=1 -DVM_TRACE=1 -DVM_TRACE_FST=0 -DVM_TRACE_VCD=1 -DVM_TRACE_SAIF=0 -faligned-new -fcf-protection=none -Wno-bool-operation -Wno-int-in-bool-context -Wno-shadow -Wno-sign-compare -Wno-subobject-linkage -Wno-tautological-compare -Wno-uninitialized -Wno-unused-but-set-parameter -Wno-unused-but-set-variable -Wno-unused-parameter -Wno-unused-variable    -DVL_TIME_CONTEXT   -fcoroutines -include Vreg_file_tb__pch.h.fast -c -o Vreg_file_tb.o Vreg_file_tb.cpp
g++ -Os  -I.  -MMD -I/opt/oss-cad-suite/share/verilator/include -I/opt/oss-cad-suite/share/verilator/include/vltstd -DVERILATOR=1 -DVM_COVERAGE=0 -DVM_SC=0 -DVM_TIMING=1 -DVM_TRACE=1 -DVM_TRACE_FST=0 -DVM_TRACE_VCD=1 -DVM_TRACE_SAIF=0 -faligned-new -fcf-protection=none -Wno-bool-operation -Wno-int-in-bool-context -Wno-shadow -Wno-sign-compare -Wno-subobject-linkage -Wno-tautological-compare -Wno-uninitialized -Wno-unused-but-set-parameter -Wno-unused-but-set-variable -Wno-unused-parameter -Wno-unused-variable    -DVL_TIME_CONTEXT   -fcoroutines -include Vreg_file_tb__pch.h.fast -c -o Vreg_file_tb___024root__0.o Vreg_file_tb___024root__0.cpp
g++ -Os  -I.  -MMD -I/opt/oss-cad-suite/share/verilator/include -I/opt/oss-cad-suite/share/verilator/include/vltstd -DVERILATOR=1 -DVM_COVERAGE=0 -DVM_SC=0 -DVM_TIMING=1 -DVM_TRACE=1 -DVM_TRACE_FST=0 -DVM_TRACE_VCD=1 -DVM_TRACE_SAIF=0 -faligned-new -fcf-protection=none -Wno-bool-operation -Wno-int-in-bool-context -Wno-shadow -Wno-sign-compare -Wno-subobject-linkage -Wno-tautological-compare -Wno-uninitialized -Wno-unused-but-set-parameter -Wno-unused-but-set-variable -Wno-unused-parameter -Wno-unused-variable    -DVL_TIME_CONTEXT   -fcoroutines -include Vreg_file_tb__pch.h.fast -c -o Vreg_file_tb__main.o Vreg_file_tb__main.cpp
g++ -Os  -I.  -MMD -I/opt/oss-cad-suite/share/verilator/include -I/opt/oss-cad-suite/share/verilator/include/vltstd -DVERILATOR=1 -DVM_COVERAGE=0 -DVM_SC=0 -DVM_TIMING=1 -DVM_TRACE=1 -DVM_TRACE_FST=0 -DVM_TRACE_VCD=1 -DVM_TRACE_SAIF=0 -faligned-new -fcf-protection=none -Wno-bool-operation -Wno-int-in-bool-context -Wno-shadow -Wno-sign-compare -Wno-subobject-linkage -Wno-tautological-compare -Wno-uninitialized -Wno-unused-but-set-parameter -Wno-unused-but-set-variable -Wno-unused-parameter -Wno-unused-variable    -DVL_TIME_CONTEXT   -fcoroutines -include Vreg_file_tb__pch.h.fast -c -o Vreg_file_tb__Trace__0.o Vreg_file_tb__Trace__0.cpp
g++   -I.  -MMD -I/opt/oss-cad-suite/share/verilator/include -I/opt/oss-cad-suite/share/verilator/include/vltstd -DVERILATOR=1 -DVM_COVERAGE=0 -DVM_SC=0 -DVM_TIMING=1 -DVM_TRACE=1 -DVM_TRACE_FST=0 -DVM_TRACE_VCD=1 -DVM_TRACE_SAIF=0 -faligned-new -fcf-protection=none -Wno-bool-operation -Wno-int-in-bool-context -Wno-shadow -Wno-sign-compare -Wno-subobject-linkage -Wno-tautological-compare -Wno-uninitialized -Wno-unused-but-set-parameter -Wno-unused-but-set-variable -Wno-unused-parameter -Wno-unused-variable    -DVL_TIME_CONTEXT   -fcoroutines -include Vreg_file_tb__pch.h.slow -c -o Vreg_file_tb___024root__Slow.o Vreg_file_tb___024root__Slow.cpp
g++   -I.  -MMD -I/opt/oss-cad-suite/share/verilator/include -I/opt/oss-cad-suite/share/verilator/include/vltstd -DVERILATOR=1 -DVM_COVERAGE=0 -DVM_SC=0 -DVM_TIMING=1 -DVM_TRACE=1 -DVM_TRACE_FST=0 -DVM_TRACE_VCD=1 -DVM_TRACE_SAIF=0 -faligned-new -fcf-protection=none -Wno-bool-operation -Wno-int-in-bool-context -Wno-shadow -Wno-sign-compare -Wno-subobject-linkage -Wno-tautological-compare -Wno-uninitialized -Wno-unused-but-set-parameter -Wno-unused-but-set-variable -Wno-unused-parameter -Wno-unused-variable    -DVL_TIME_CONTEXT   -fcoroutines -include Vreg_file_tb__pch.h.slow -c -o Vreg_file_tb___024root__0__Slow.o Vreg_file_tb___024root__0__Slow.cpp
g++   -I.  -MMD -I/opt/oss-cad-suite/share/verilator/include -I/opt/oss-cad-suite/share/verilator/include/vltstd -DVERILATOR=1 -DVM_COVERAGE=0 -DVM_SC=0 -DVM_TIMING=1 -DVM_TRACE=1 -DVM_TRACE_FST=0 -DVM_TRACE_VCD=1 -DVM_TRACE_SAIF=0 -faligned-new -fcf-protection=none -Wno-bool-operation -Wno-int-in-bool-context -Wno-shadow -Wno-sign-compare -Wno-subobject-linkage -Wno-tautological-compare -Wno-uninitialized -Wno-unused-but-set-parameter -Wno-unused-but-set-variable -Wno-unused-parameter -Wno-unused-variable    -DVL_TIME_CONTEXT   -fcoroutines -include Vreg_file_tb__pch.h.slow -c -o Vreg_file_tb___024unit__Slow.o Vreg_file_tb___024unit__Slow.cpp
g++   -I.  -MMD -I/opt/oss-cad-suite/share/verilator/include -I/opt/oss-cad-suite/share/verilator/include/vltstd -DVERILATOR=1 -DVM_COVERAGE=0 -DVM_SC=0 -DVM_TIMING=1 -DVM_TRACE=1 -DVM_TRACE_FST=0 -DVM_TRACE_VCD=1 -DVM_TRACE_SAIF=0 -faligned-new -fcf-protection=none -Wno-bool-operation -Wno-int-in-bool-context -Wno-shadow -Wno-sign-compare -Wno-subobject-linkage -Wno-tautological-compare -Wno-uninitialized -Wno-unused-but-set-parameter -Wno-unused-but-set-variable -Wno-unused-parameter -Wno-unused-variable    -DVL_TIME_CONTEXT   -fcoroutines -include Vreg_file_tb__pch.h.slow -c -o Vreg_file_tb___024unit__0__Slow.o Vreg_file_tb___024unit__0__Slow.cpp
g++   -I.  -MMD -I/opt/oss-cad-suite/share/verilator/include -I/opt/oss-cad-suite/share/verilator/include/vltstd -DVERILATOR=1 -DVM_COVERAGE=0 -DVM_SC=0 -DVM_TIMING=1 -DVM_TRACE=1 -DVM_TRACE_FST=0 -DVM_TRACE_VCD=1 -DVM_TRACE_SAIF=0 -faligned-new -fcf-protection=none -Wno-bool-operation -Wno-int-in-bool-context -Wno-shadow -Wno-sign-compare -Wno-subobject-linkage -Wno-tautological-compare -Wno-uninitialized -Wno-unused-but-set-parameter -Wno-unused-but-set-variable -Wno-unused-parameter -Wno-unused-variable    -DVL_TIME_CONTEXT   -fcoroutines -include Vreg_file_tb__pch.h.slow -c -o Vreg_file_tb__Syms__Slow.o Vreg_file_tb__Syms__Slow.cpp
g++   -I.  -MMD -I/opt/oss-cad-suite/share/verilator/include -I/opt/oss-cad-suite/share/verilator/include/vltstd -DVERILATOR=1 -DVM_COVERAGE=0 -DVM_SC=0 -DVM_TIMING=1 -DVM_TRACE=1 -DVM_TRACE_FST=0 -DVM_TRACE_VCD=1 -DVM_TRACE_SAIF=0 -faligned-new -fcf-protection=none -Wno-bool-operation -Wno-int-in-bool-context -Wno-shadow -Wno-sign-compare -Wno-subobject-linkage -Wno-tautological-compare -Wno-uninitialized -Wno-unused-but-set-parameter -Wno-unused-but-set-variable -Wno-unused-parameter -Wno-unused-variable    -DVL_TIME_CONTEXT   -fcoroutines -include Vreg_file_tb__pch.h.slow -c -o Vreg_file_tb__Trace__0__Slow.o Vreg_file_tb__Trace__0__Slow.cpp
g++   -I.  -MMD -I/opt/oss-cad-suite/share/verilator/include -I/opt/oss-cad-suite/share/verilator/include/vltstd -DVERILATOR=1 -DVM_COVERAGE=0 -DVM_SC=0 -DVM_TIMING=1 -DVM_TRACE=1 -DVM_TRACE_FST=0 -DVM_TRACE_VCD=1 -DVM_TRACE_SAIF=0 -faligned-new -fcf-protection=none -Wno-bool-operation -Wno-int-in-bool-context -Wno-shadow -Wno-sign-compare -Wno-subobject-linkage -Wno-tautological-compare -Wno-uninitialized -Wno-unused-but-set-parameter -Wno-unused-but-set-variable -Wno-unused-parameter -Wno-unused-variable    -DVL_TIME_CONTEXT   -fcoroutines -include Vreg_file_tb__pch.h.slow -c -o Vreg_file_tb__TraceDecls__0__Slow.o Vreg_file_tb__TraceDecls__0__Slow.cpp
g++    verilated.o verilated_vcd_c.o verilated_timing.o verilated_threads.o Vreg_file_tb__ALL.a    -pthread -lpthread -latomic   -o Vreg_file_tb
rm Vreg_file_tb__ALL.verilator_deplist.tmp
make[1]: se sale del directorio '/tmp/tp1-sim.xUYT7V/obj_dir'
- V e r i l a t i o n   R e p o r t: Verilator 5.043 devel rev v5.042-244-g4080284e5
- Verilator: Built from 0.063 MB sources in 5 modules, into 0.067 MB in 11 C++ files needing 0.000 MB
- Verilator: Walltime 5.847 s (elab=0.001, cvt=0.004, bld=5.838); cpu 0.011 s on 2 threads; alloced 279.844 MB
